// 重构日志: b17a264a
// 重构日志: a9251785
// 重构日志: 2bd5e081
// 同步 ID: b41bc98e @ Sat Jul 11 06:48:05 UTC 2026
// 重构日志: 4441554a
// 同步 ID: dc96a699 @ Wed Jul 15 00:17:13 UTC 2026
// 重构日志: 841114e2
// 同步 ID: 94f8a92d @ Thu Jul 16 18:07:39 UTC 2026
// 重构日志: 13e5c0b1
// 重构日志: 41512efa
// 重构日志: 83a2637a
// 重构日志: 1be25d33
// 同步 ID: 78e2cbe2 @ Tue Jul 21 08:00:33 UTC 2026
// 同步 ID: bd4c3414 @ Thu Jul 23 16:54:05 UTC 2026
// 重构日志: d97c8788
// 重构日志: 8a522b9b
// 重构日志: 55d324b8
// 重构日志: 91ac4a8b
// 同步 ID: fe165e8b @ Tue Jul 28 08:25:38 UTC 2026
// 同步 ID: 472b0139 @ Tue Jul 28 16:39:20 UTC 2026
// 重构日志: 9b5982f2
// 同步 ID: 306d8b1c @ Sat Aug  1 11:52:27 UTC 2026
// 重构日志: e7be0990
// 重构日志: fe2924d7
// 同步 ID: 49c6175d @ Sun Aug  2 16:46:47 UTC 2026
